test_changed_graph_rejected (test_engine.PipelineTests.test_changed_graph_rejected) ... ok
test_cycle_and_missing_dependency (test_engine.PipelineTests.test_cycle_and_missing_dependency) ... ok
test_downstream_not_run_on_failure (test_engine.PipelineTests.test_downstream_not_run_on_failure) ... ok
test_invalid_json_output_is_failure (test_engine.PipelineTests.test_invalid_json_output_is_failure) ... ok
test_resume_does_not_reexecute_success (test_engine.PipelineTests.test_resume_does_not_reexecute_success) ... ok
test_retry (test_engine.PipelineTests.test_retry) ... ok
test_atomic_report_roundtrip (test_feeds.FeedTests.test_atomic_report_roundtrip) ... ok
test_network_failure_is_not_synthetic_fallback (test_feeds.FeedTests.test_network_failure_is_not_synthetic_fallback) ... ok
test_nonfinite_output_rejected (test_feeds.FeedTests.test_nonfinite_output_rejected) ... ok

----------------------------------------------------------------------
Ran 9 tests in 0.012s

OK
